// Jest Snapshot v1, https://goo.gl/fbAQLP

exports[`onboarding reducer saves first time user answers a question 1`] = `
Object {
  "firstQuestionAnswered": true,
}
`;
